[littlesissymovers.com/author/ittlesl0/index.html]
[littlesissymovers.com/author/ittlesl0/e.src]
[backblue.gif]
[fade.gif]
[index.html]
[littlesissymovers.com/author/ittlesl0/feed/index.html]
[littlesissymovers.com/author/ittlesl0/Firefox/index.html]
[littlesissymovers.com/wp-includes/js/jquery/jquery.min3088.js]
[littlesissymovers.com/wp-includes/js/jquery/jquery-migrate.min5589.js]
[littlesissymovers.com/wp-content/uploads/2023/05/cropped-LilSissyMovers-2-32x32.png]
[littlesissymovers.com/wp-content/uploads/2023/05/cropped-LilSissyMovers-2-192x192.png]
[littlesissymovers.com/wp-content/uploads/2023/05/cropped-LilSissyMovers-2-180x180.png]
[littlesissymovers.com/wp-content/uploads/2023/05/LilSissyMovers-2-1024x1024.png]
[littlesissymovers.com/wp-content/uploads/2023/05/Local-Office-Moving-Company-scaled-1-1024x352.jpg]
[stats.wp.com/e-202332.js]
[littlesissymovers.com/wp-content/cache/min/1/wp-content/plugins/ht-mega-for-elementor/assets/js/jquery.counterup78ed.js]
[littlesissymovers.com/wp-content/plugins/elementor-pro/assets/lib/smartmenus/jquery.smartmenus.minf269.js]
[littlesissymovers.com/wp-content/plugins/elementor-pro/assets/js/webpack-pro.runtime.min2e9d.js]
[littlesissymovers.com/wp-content/plugins/elementor/assets/js/webpack.runtime.mina44d.js]
[littlesissymovers.com/wp-content/plugins/elementor/assets/js/frontend-modules.mina44d.js]
[littlesissymovers.com/wp-content/plugins/elementor-pro/assets/js/frontend.min2e9d.js]
[littlesissymovers.com/wp-content/plugins/elementor/assets/lib/waypoints/waypoints.min05da.js]
[littlesissymovers.com/wp-includes/js/jquery/ui/core.min3f14.js]
[littlesissymovers.com/wp-content/plugins/elementor/assets/js/frontend.mina44d.js]
[littlesissymovers.com/wp-content/plugins/elementor-pro/assets/js/elements-handlers.min2e9d.js]
[littlesissymovers.com/wp-content/plugins/elementor-pro/assets/lib/sticky/jquery.sticky.min2e9d.js]
[littlesissymovers.com/wp-content/plugins/wp-rocket/assets/js/lazyload/17.8.3/lazyload.min.js]
[littlesissymovers.com/author/ittlesl0/index.html]
[littlesissymovers.com/author/ittlesl0/e.html]
[littlesissymovers.com/author/ittlesl0/Firefox/index.html]
[littlesissymovers.com/wp-content/plugins/jetpack/modules/shortcodes/img/slideshow-controls.png]
[littlesissymovers.com/wp-content/plugins/jetpack/modules/shortcodes/img/slideshow-controls-2x.png]
[littlesissymovers.com/wp-content/plugins/jetpack/modules/shortcodes/images/slide-nav.png]
[littlesissymovers.com/wp-content/plugins/jetpack/modules/shortcodes/images/expand.png]
[littlesissymovers.com/wp-content/plugins/jetpack/modules/shortcodes/images/collapse.png]
[secure.gravatar.com/images/grav-share-sprite.png]
[littlesissymovers.com/wp-content/plugins/ht-mega-for-elementor/assets/images/pricing/pricing-ribon.png]
[littlesissymovers.com/wp-content/cache/min/1/94cfa34cacd30019504ca7a2c86eb5b4.css]
[littlesissymovers.com/wp-content/uploads/elementor/css/post-58738.css]
[littlesissymovers.com/wp-content/uploads/elementor/css/globale91c.css]
[littlesissymovers.com/wp-content/uploads/elementor/css/post-2428545.css]
[littlesissymovers.com/wp-content/uploads/2023/05/vector-dotted-world-map-illustration.jpg]
[littlesissymovers.com/wp-content/uploads/elementor/css/post-245ee27.css]
